<?xml version="1.0" encoding="ISO-8859-1"?>
<?xml-stylesheet type="text/xml" href="#stylesheet"?>
<!DOCTYPE catelog [
  <!ATTLIST xsl:stylesheet
  id  ID  #REQUIRED>
  ]>
<qcML version="0.0.8" xmlns="http://www.prime-xs.eu/ms/qcml" >
  <runQuality ID="rq0001">
    <metaDataParameter ID="md0001" name="creation software" value="VariantQC 2023_11-46-gb365d9fe" cvRef="QC" accession="QC:1000002"/>
    <metaDataParameter ID="md0002" name="creation software parameters" value="" cvRef="QC" accession="QC:1000003"/>
    <metaDataParameter ID="md0003" name="creation date" value="2023-12-14T17:45:14" cvRef="QC" accession="QC:1000004"/>
    <metaDataParameter ID="md0004" name="source file" value="annotate_XBSWzU.vcf" cvRef="QC" accession="QC:1000005"/>
    <qualityParameter ID="qp0001" name="variant count" description="Total number of variants in the target region." value="1651" cvRef="QC" accession="QC:2000013"/>
    <qualityParameter ID="qp0002" name="known variants percentage" description="Percentage of variants that are known polymorphisms in the dbSNP database." value="98.73" cvRef="QC" accession="QC:2000014"/>
    <qualityParameter ID="qp0003" name="high-impact variants percentage" description="Percentage of variants with high impact on the protein, i.e. stop-gain, stop-loss, frameshift, splice-acceptor or splice-donor variants." value="0.00" cvRef="QC" accession="QC:2000015"/>
    <qualityParameter ID="qp0004" name="homozygous variants percentage" description="Percentage of variants that are called as homozygous." value="38.58" cvRef="QC" accession="QC:2000016"/>
    <qualityParameter ID="qp0005" name="indel variants percentage" description="Percentage of variants that are insertions/deletions." value="13.57" cvRef="QC" accession="QC:2000017"/>
    <qualityParameter ID="qp0006" name="transition/transversion ratio" description="Transition/transversion ratio of single nucleotide variants." value="2.42" cvRef="QC" accession="QC:2000018"/>
    <qualityParameter ID="qp0007" name="mean phasing block size" description="Mean size of all annotated phasing blocks." value="219957.75" cvRef="QC" accession="QC:2000133"/>
    <qualityParameter ID="qp0008" name="median phasing block size" description="Median size of all annotated phasing blocks." value="192693.50" cvRef="QC" accession="QC:2000134"/>
    <qualityParameter ID="qp0009" name="phasing block count" description="Number of different phasing bocks." value="4" cvRef="QC" accession="QC:2000135"/>
    <qualityParameter ID="qp0010" name="phased variants percentage" description="Percentage of (heterozygous) variants which contains phasing annotations." value="87.98" cvRef="QC" accession="QC:2000136"/>
    <attachment ID="qp0011" name="phasing block distribution plot" description="Plots a histogram of phasing block size distribution." cvRef="QC" accession="QC:2000137">
      <binary>iVBORw0KGgoAAAANSUhEUgAAA3UAAAF4CAYAAADzD9DXAAAABHNCSVQICAgIfAhkiAAAAAlwSFlzAAAPYQAAD2EBqD+naQAAADh0RVh0U29mdHdhcmUAbWF0cGxvdGxpYiB2ZXJzaW9uMy4xLjIsIGh0dHA6Ly9tYXRwbG90bGliLm9yZy8li6FKAAAgAElEQVR4nO3de1zX9f3///ubMxZ4FnijIJ5RHNrbw7BQwcJoqR3VLKXU+XFgJsys5pxkB8zLMtc8t+aplrhS18pFODylNhVhM01R8zNMIadTETQxeP3++H58/3rHQcC3vXnB7Xq5vC7z9Xw9X8/X48XT17a7rwMWwzAMAQAAAABMyc3VBQAAAAAA6o5QBwAAAAAmRqgDAAAAABMj1AEAAACAiRHqAAAAAMDECHUAAAAAYGKEOgAAAAAwMUIdAAAAAJgYoQ4AAAAATIxQ50JXr15Vamqqrl696upS4CTMacPCfDY8zGnDw5w2LMxnw8Oc/jgshmEYri6isSoqKlLTpk118eJF+fv7u7ocOAFz2rAwnw0Pc9rwMKcNC/PZ8DCnPw7u1AEAAACAiRHqAAAAAMDEPFxdQGNWXl4uSbp48aKLK4GzFBUVOfwnzI35bHiY04aHOW1YmM+GhzmtOcMwdOnSJVmtVrm51e7eG+/UudBXX32ljh07uroMAAAAAPXEyZMn1bZt21rtw506F2rZsqWk/zdxvDgKAAAANF5FRUVq166d/Pz8ar0voc6FLBaLJMnf359QBwAAAMCeEWqDD6UAAAAAgIkR6gAAAADAxAh1AAAAAGBihDoAAAAAMDFCHQAAAACYGKEOAAAAAEyMUAcAAAAAJkaoAwAAAAATI9QBAAAAgIkR6gAAAADAxAh1AAAAAGBihDoAAAAAMDFCHQAAAACYGKEOAAAAAEyMUAcAAAAAJkaoAwAAAAATI9QBAAAAgIkR6gAAAADAxAh1AAAAAGBihDoAAAAAMDFCHQAAAACYGKEOAAAAAEyMUAcAAAAAJkaoAwAAAAATI9QBAAAAgIkR6gAAAADAxAh1AAAAAGBihDoAAAAAMDFCHQAAAACYGKEOAAAAAEyMUAcAAAAAJkaoAwAAAAATI9QBAAAAgIkR6gAAAADAxAh1AAAAAGBihDoAAAAAMDFCHQAAAACYGKEOAAAAAEyMUAcAAAAAJkaoAwAAAAATI9QBAAAAgIkR6gAAAADAxAh1AAAAAGBihDoAAAAAMDFCHQAAAACYGKEOAAAAAEyMUAcAAAAAJkaoAwAAAAATI9QBAAAAgIkR6gAAAADAxAh1AAAAAGBihDoAAAAAMDFCHQAAAACYGKEOAAAAAEyMUAcAAAAAJkaou0kfffSRunbtqs6dO+sPf/iDq8sBAAAA0Mh4uLoAM/vuu++UkpKiLVu2yN/fX3fccYceeughtWjRwtWlAQAAAGgkuFN3E/bs2aMePXooODhYfn5+uu+++5SRkeHqsgAAAAA0Io061G3fvl3Dhg2T1WqVxWLRxo0bK/RZvHixwsLC5OPjI5vNph07dti3nT59WsHBwfb1tm3b6tSpUz9K7QAAAAAgNfJQV1JSosjISC1cuLDS7enp6Zo2bZpmzpypnJwcRUdHKz4+Xvn5+ZIkwzAq7GOxWG5pzQAAAADwfY36nbr4+HjFx8dXuX3+/PmaMGGCJk6cKElasGCBMjIytGTJEqWlpSk4ONjhztzXX3+t/v37Vzne1atXdfXqVft6UVGRE84CAAAAQEPxw4zg7e0tb2/vavdp1KGuOqWlpcrOztbzzz/v0B4XF6ddu3ZJkvr166cvvvhCp06dkr+/vzZt2qTf/OY3VY6ZlpamF1988ZbWDQCoufbPf+yyY//v3J9Vu70+14baYz6B+qu+XZ/t2rVzWJ89e7ZSU1OrHYdQV4WzZ8+qrKxMAQEBDu0BAQEqLCyUJHl4eOj1119XTEyMysvLNWPGDLVs2bLKMV944QWlpKTY14uKiipMGgAAAIDG6+TJk/L397ev3+gunUSou6EfviNnGIZD2/DhwzV8+PAajVWTW6cAAAAAGi9/f3+HUFcTjfpDKdVp1aqV3N3d7Xflrjtz5kyFu3cAAAAA4CqEuip4eXnJZrMpMzPToT0zM1MDBgxwUVUAAAAA4KhRP35ZXFysY8eO2ddPnDih3NxctWjRQiEhIUpJSdHYsWPVp08fRUVFafny5crPz9fkyZNdWDUAAAAA/P8adajbt2+fYmJi7OvXP2KSkJCglStXatSoUTp37pzmzJmjgoICRUREaNOmTQoNDXVVyQAAAADgoFGHusGDB1f6C8S/LzExUYmJiT9SRQAAAABQO7xTBwAAAAAmRqgDAAAAABMj1AEAAACAiRHqAAAAAMDECHUAAAAAYGKEOgAAAAAwMUIdAAAAAJgYoQ4AAAAATIxQBwAAAAAmRqgDAAAAABMj1AEAAACAiRHqAAAAAMDECHUAAAAAYGKEOgAAAAAwMUIdAAAAAJgYoQ4AAAAATIxQBwAAAAAmRqgDAAAAABMj1AEAAACAiRHqAAAAAMDECHUAAAAAYGKEOgAAAAAwMUIdAAAAAJgYoc6JHnzwQTVv3lyPPPKIq0sBAAAA0EgQ6pxo6tSpWr16tavLAAAAANCIEOqcKCYmRn5+fq4uAwAAAEAj4vJQd+nSJU2bNk2hoaHy9fXVgAEDtHfvXqceY/v27Ro2bJisVqssFos2btxYab/FixcrLCxMPj4+stls2rFjh1PrAAAAAABnc3momzhxojIzM7VmzRodOHBAcXFxuvvuu3Xq1KlK++/cuVPXrl2r0H748GEVFhZWuk9JSYkiIyO1cOHCKutIT0/XtGnTNHPmTOXk5Cg6Olrx8fHKz8+397HZbIqIiKiwnD59upZnDQAAAADO4dJQd+XKFX3wwQeaN2+eBg4cqE6dOik1NVVhYWFasmRJhf7l5eVKSkrSmDFjVFZWZm/Py8tTTExMle+zxcfH6+WXX9ZDDz1UZS3z58/XhAkTNHHiRIWHh2vBggVq166dQx3Z2dn64osvKixWq/UmfgoAAAAAUHcuDXXfffedysrK5OPj49Du6+urzz77rEJ/Nzc3bdq0STk5ORo3bpzKy8t1/PhxxcbGavjw4ZoxY0ad6igtLVV2drbi4uIc2uPi4rRr1646jVmdRYsWqXv37urbt6/TxwYAAABgXn379lX37t21aNGiGu/jcQvruSE/Pz9FRUXppZdeUnh4uAICAvTee+/pH//4hzp37lzpPlarVVlZWRo4cKDGjBmj3bt3a8iQIVq6dGmd6zh79qzKysoUEBDg0B4QEFDlI52VGTp0qPbv36+SkhK1bdtWGzZsqDS4JSUlKSkpSUVFRWratGmd6wYAAADQsOzdu1f+/v612seloU6S1qxZo/Hjxys4OFju7u664447NGbMGO3fv7/KfUJCQrR69WoNGjRIHTp00Ntvvy2LxXLTtfxwDMMwajVuRkbGTdcAAAAAALXh8g+ldOzYUdu2bVNxcbFOnjypPXv26Nq1awoLC6tyn2+++UaTJk3SsGHDdPnyZSUnJ99UDa1atZK7u3uFu3JnzpypcPcOAAAAAOoTl4e662677TYFBQXp/PnzysjI0IgRIyrtd/bsWQ0ZMkTh4eFav369srKytG7dOk2fPr3Ox/by8pLNZlNmZqZDe2ZmpgYMGFDncQEAAADgVnP545cZGRkyDENdu3bVsWPH9Oyzz6pr16566qmnKvQtLy/Xvffeq9DQUKWnp8vDw0Ph4eHavHmzYmJiFBwcXOldu+LiYh07dsy+fuLECeXm5qpFixYKCQmRJKWkpGjs2LHq06ePoqKitHz5cuXn52vy5Mm37uQBAAAA4Ca5PNRdvHhRL7zwgr7++mu1aNFCDz/8sF555RV5enpW6Ovm5qa0tDRFR0fLy8vL3t6zZ09t3rxZLVu2rPQY+/btU0xMjH09JSVFkpSQkKCVK1dKkkaNGqVz585pzpw5KigoUEREhDZt2qTQ0FAnni0AAAAAOJfLQ93IkSM1cuTIGve/5557Km3v1atXlfsMHjxYhmHccOzExEQlJibWuBYAAAAAcLV6804dAAAAAKD2CHUAAAAAYGKEOgAAAAAwMUIdAAAAAJgYoQ4AAAAATIxQBwAAAAAmRqgDAAAAABMj1AEAAACAiRHqAAAAAMDECHUAAAAAYGKEOgAAAAAwMUIdAAAAAJgYoQ4AAAAATIxQBwAAAAAmRqgDAAAAABMj1AEAAACAiRHqAAAAAMDECHUAAAAAYGKEOgAAAAAwMUIdAAAAAJgYoQ4AAAAATIxQBwAAAAAmRqgDAAAAABMj1AEAAACAiRHqAAAAAMDECHUAAAAAYGKEOgAAAAAwsTqFutjYWF24cKFCe1FRkWJjY2+6KLN68MEH1bx5cz3yyCOuLgUAAABAI1GnULd161aVlpZWaP/222+1Y8eOmy7KrKZOnarVq1e7ugwAAAAAjYhHbTr/61//sv/50KFDKiwstK+XlZXpk08+UXBwsPOqM5mYmBht3brV1WUAAAAAaERqdaeuV69e6t27tywWi2JjY9WrVy/7YrPZ9PLLL+s3v/lNrQr47rvv9Otf/1phYWHy9fVVhw4dNGfOHJWXl9dqnOps375dw4YNk9VqlcVi0caNGyvtt3jxYoWFhcnHx0c2m61R33UEAAAAYA61ulN34sQJGYahDh06aM+ePWrdurV9m5eXl9q0aSN3d/daFfDaa69p6dKlWrVqlXr06KF9+/bpqaeeUtOmTfXMM89U6L9z507169dPnp6eDu2HDx9Ws2bNFBgYWGGfkpISRUZG6qmnntLDDz9caR3p6emaNm2aFi9erDvvvFPLli1TfHy8Dh06pJCQEEmSzWbT1atXK+z76aefymq11uq8AQAAAMAZahXqQkNDJcmpd9F2796tESNG6Gc/+5kkqX379nrvvfe0b9++Cn3Ly8uVlJSkzp07a+3atfYAmZeXp5iYGCUnJ2vGjBkV9ouPj1d8fHy1dcyfP18TJkzQxIkTJUkLFixQRkaGlixZorS0NElSdnb2TZ0rAAAAADhbrULd9+Xl5Wnr1q06c+ZMhZBXm0cw77rrLi1dulR5eXnq0qWL/vnPf+qzzz7TggULKvR1c3PTpk2bNHDgQI0bN05r1qzRiRMnFBsbq+HDh1ca6GqitLRU2dnZev755x3a4+LitGvXrjqNWZ1FixZp0aJFKisrc/rYAAAAAMyrb9++cnd3V1JSkpKSkmq0T51C3VtvvaVf/OIXatWqlQIDA2WxWOzbLBZLrULdc889p4sXL6pbt25yd3dXWVmZXnnlFT322GOV9rdarcrKytLAgQM1ZswY7d69W0OGDNHSpUvrciqSpLNnz6qsrEwBAQEO7QEBAQ4fg7mRoUOHav/+/SopKVHbtm21YcMG9e3bt0K/6xNUVFSkpk2b1rluAAAAAA3L3r175e/vX6t96hTqXn75Zb3yyit67rnn6rK7g/T0dL3zzjv605/+pB49eig3N1fTpk2T1WpVQkJCpfuEhIRo9erVGjRokDp06KC3337bIVjW1Q/HMAyjVuNmZGTcdA0AAAAAUBt1+j1158+f16OPPuqUAp599lk9//zzGj16tHr27KmxY8cqOTnZ/h5bZb755htNmjRJw4YN0+XLl5WcnHxTNbRq1Uru7u4V7sqdOXOmwt07AAAAAKhP6hTqHn30UX366adOKeDy5ctyc3Msw93dvcqPsZw9e1ZDhgxReHi41q9fr6ysLK1bt07Tp0+vcw1eXl6y2WzKzMx0aM/MzNSAAQPqPC4AAAAA3Gp1evyyU6dOmjVrlj7//HP17Nmzwq8XmDp1ao3HGjZsmF555RWFhISoR48eysnJ0fz58zV+/PgKfcvLy3XvvfcqNDRU6enp8vDwUHh4uDZv3qyYmBgFBwdXeteuuLhYx44ds6+fOHFCubm5atGihf3XFaSkpGjs2LHq06ePoqKitHz5cuXn52vy5Mk1PhcAAAAA+LHVKdQtX75ct99+u7Zt26Zt27Y5bLNYLLUKdb///e81a9YsJSYm6syZM7Jarfqf//mfSj+24ubmprS0NEVHR8vLy8ve3rNnT23evFktW7as9Bj79u1TTEyMfT0lJUWSlJCQoJUrV0qSRo0apXPnzmnOnDkqKChQRESENm3aZP81DgAAAABQH9Up1J04ccJpBfj5+WnBggWV/gqDytxzzz2Vtvfq1avKfQYPHizDMG44dmJiohITE2tUBwAAAADUB3V6pw4AAAAAUD/U6U5dZe+7fd8f//jHOhUDAAAAAKidOoW68+fPO6xfu3ZNX3zxhS5cuKDY2FinFAYAAAAAuLE6hboNGzZUaCsvL1diYqI6dOhw00UBAAAAAGrGae/Uubm5KTk5WW+88YazhgQAAAAA3IBTP5Ry/Phxfffdd84cEgAAAABQjTo9fnn997xdZxiGCgoK9PHHHyshIcEphQEAAAAAbqxOoS4nJ8dh3c3NTa1bt9brr79+wy9jAgAAAACcp06hbsuWLc6uAwAAAABQB3UKddf95z//0ZEjR2SxWNSlSxe1bt3aWXUBAAAAAGqgTh9KKSkp0fjx4xUUFKSBAwcqOjpaVqtVEyZM0OXLl51dIwAAAACgCnUKdSkpKdq2bZv++te/6sKFC7pw4YL+8pe/aNu2bfrlL3/p7BoBAAAAAFWo0+OXH3zwgd5//30NHjzY3nbffffJ19dXI0eO1JIlS5xVHwAAAACgGnW6U3f58mUFBARUaG/Tpg2PXwIAAADAj6hOoS4qKkqzZ8/Wt99+a2+7cuWKXnzxRUVFRTmtOAAAAABA9er0+OWCBQsUHx+vtm3bKjIyUhaLRbm5ufL29tann37q7BoBAAAAAFWoU6jr2bOnjh49qnfeeUeHDx+WYRgaPXq0Hn/8cfn6+jq7RgAAAABAFeoU6tLS0hQQEKCf//znDu1//OMf9Z///EfPPfecU4oDAAAAAFSvTu/ULVu2TN26davQ3qNHDy1duvSmiwIAAAAA1EydQl1hYaGCgoIqtLdu3VoFBQU3XRQAAAAAoGbqFOratWunnTt3VmjfuXOnrFbrTRcFAAAAAKiZOr1TN3HiRE2bNk3Xrl1TbGysJOnvf/+7ZsyYoV/+8pdOLRAAAAAAULU6hboZM2bov//9rxITE1VaWipJ8vHx0XPPPacXXnjBqQUCAAAAAKpWp1BnsVj02muvadasWfryyy/l6+urzp07y9vb29n1AQAAAACqUadQd93tt9+uvn37OqsWAAAAAEAt1elDKQAAAACA+oFQBwAAAAAmRqgDAAAAABMj1AEAAACAiRHqAAAAAMDECHUAAAAAYGKEOgAAAAAwMUIdAAAAAJgYoc6JHnzwQTVv3lyPPPKIq0sBAAAA0EgQ6pxo6tSpWr16tavLAAAAANCIEOqcKCYmRn5+fq4uAwAAAEAj4vJQ1759e1kslgpLUlKS046xfft2DRs2TFarVRaLRRs3bqy03+LFixUWFiYfHx/ZbDbt2LHDaTUAAAAAwK3g8lC3d+9eFRQU2JfMzExJ0qOPPlpp/507d+ratWsV2g8fPqzCwsJK9ykpKVFkZKQWLlxYZR3p6emaNm2aZs6cqZycHEVHRys+Pl75+fn2PjabTRERERWW06dP1+aUAQAAAMBpPFxdQOvWrR3W586dq44dO2rQoEEV+paXlyspKUmdO3fW2rVr5e7uLknKy8tTTEyMkpOTNWPGjAr7xcfHKz4+vto65s+frwkTJmjixImSpAULFigjI0NLlixRWlqaJCk7O7tO5wgAAAAAt4rL79R9X2lpqd555x2NHz9eFoulwnY3Nzdt2rRJOTk5GjdunMrLy3X8+HHFxsZq+PDhlQa6mh43OztbcXFxDu1xcXHatWtXncaszqJFi9S9e3f17dvX6WMDAAAAMK++ffuqe/fuWrRoUY33cfmduu/buHGjLly4oCeffLLKPlarVVlZWRo4cKDGjBmj3bt3a8iQIVq6dGmdj3v27FmVlZUpICDAoT0gIKDKRzorM3ToUO3fv18lJSVq27atNmzYUGlwS0pKUlJSkoqKitS0adM61w0AAACgYdm7d6/8/f1rtU+9CnVvv/224uPjZbVaq+0XEhKi1atXa9CgQerQoYPefvvtSu/s1dYPxzAMo1bjZmRk3HQNAAAAAFAb9ebxy3//+9/avHmz/Z226nzzzTeaNGmShg0bpsuXLys5Ofmmjt2qVSu5u7tXuCt35syZCnfvAAAAAKA+qTehbsWKFWrTpo1+9rOfVdvv7NmzGjJkiMLDw7V+/XplZWVp3bp1mj59ep2P7eXlJZvNZv/y5nWZmZkaMGBAnccFAAAAgFutXjx+WV5erhUrVighIUEeHlWXVF5ernvvvVehoaFKT0+Xh4eHwsPDtXnzZsXExCg4OLjSu3bFxcU6duyYff3EiRPKzc1VixYtFBISIklKSUnR2LFj1adPH0VFRWn58uXKz8/X5MmTnX/CAAAAAOAk9SLUbd68Wfn5+Ro/fny1/dzc3JSWlqbo6Gh5eXnZ23v27KnNmzerZcuWle63b98+xcTE2NdTUlIkSQkJCVq5cqUkadSoUTp37pzmzJmjgoICRUREaNOmTQoNDb3JswMAAACAW6dehLq4uDgZhlGjvvfcc0+l7b169apyn8GDB9do/MTERCUmJtaoDgAAAACoD+rNO3UAAAAAgNoj1AEAAACAiRHqAAAAAMDECHUAAAAAYGKEOgAAAAAwMUIdAAAAAJgYoQ4AAAAATIxQBwAAAAAmRqgDAAAAABMj1AEAAACAiRHqAAAAAMDECHUAAAAAYGKEOgAAAAAwMUIdAAAAAJgYoQ4AAAAATIxQBwAAAAAmRqgDAAAAABMj1AEAAACAiRHqAAAAAMDECHUAAAAAYGKEOgAAAAAwMUIdAAAAAJgYoQ4AAAAATIxQBwAAAAAmRqgDAAAAABMj1AEAAACAiRHqAAAAAMDECHUAAAAAYGKEOgAAAAAwMUIdAAAAAJgYoQ4AAAAATIxQBwAAAAAmRqgDAAAAABMj1AEAAACAiRHqAAAAAMDECHUAAAAAYGKEOgAAAAAwMUIdAAAAAJgYoQ4AAAAATIxQBwAAAAAmRqgDAAAAABMj1DnRgw8+qObNm+uRRx5xdSkAAAAAGglCnRNNnTpVq1evdnUZAAAAABoRQp0TxcTEyM/Pz9VlAAAAAGhE6kWoO3XqlJ544gm1bNlSTZo0Ua9evZSdne208bdv365hw4bJarXKYrFo48aNlfZbvHixwsLC5OPjI5vNph07djitBgAAAAC4FVwe6s6fP68777xTnp6e+tvf/qZDhw7p9ddfV7NmzSrtv3PnTl27dq1C++HDh1VYWFjpPiUlJYqMjNTChQurrCM9PV3Tpk3TzJkzlZOTo+joaMXHxys/P9/ex2azKSIiosJy+vTpWp41AAAAADiHh6sLeO2119SuXTutWLHC3ta+fftK+5aXlyspKUmdO3fW2rVr5e7uLknKy8tTTEyMkpOTNWPGjAr7xcfHKz4+vto65s+frwkTJmjixImSpAULFigjI0NLlixRWlqaJDn17iEAAAAAOIPL79R9+OGH6tOnjx599FG1adNGvXv31ltvvVVpXzc3N23atEk5OTkaN26cysvLdfz4ccXGxmr48OGVBrqaKC0tVXZ2tuLi4hza4+LitGvXrjqNWZ1Fixape/fu6tu3r9PHBgAAAGBeffv2Vffu3bVo0aIa7+PyO3VfffWVlixZopSUFP3qV7/Snj17NHXqVHl7e2vcuHEV+lutVmVlZWngwIEaM2aMdu/erSFDhmjp0qV1ruHs2bMqKytTQECAQ3tAQECVj3RWZujQodq/f79KSkrUtm1bbdiwodLglpSUpKSkJBUVFalp06Z1rhsAAABAw7J37175+/vXah+Xh7ry8nL16dNHr776qiSpd+/eOnjwoJYsWVJpqJOkkJAQrV69WoMGDVKHDh309ttvy2Kx3HQtPxzDMIxajZuRkXHTNQAAAABAbbj88cugoCB1797doS08PNzhAyU/9M0332jSpEkaNmyYLl++rOTk5JuqoVWrVnJ3d69wV+7MmTMV7t4BAAAAQH3i8lB355136siRIw5teXl5Cg0NrbT/2bNnNWTIEIWHh2v9+vXKysrSunXrNH369DrX4OXlJZvNpszMTIf2zMxMDRgwoM7jAgAAAMCt5vLHL5OTkzVgwAC9+uqrGjlypPbs2aPly5dr+fLlFfqWl5fr3nvvVWhoqNLT0+Xh4aHw8HBt3rxZMTExCg4OrvSuXXFxsY4dO2ZfP3HihHJzc9WiRQuFhIRIklJSUjR27Fj16dNHUVFRWr58ufLz8zV58uRbd/IAAAAAcJNcHur69u2rDRs26IUXXtCcOXMUFhamBQsW6PHHH6/Q183NTWlpaYqOjpaXl5e9vWfPntq8ebNatmxZ6TH27dunmJgY+3pKSookKSEhQStXrpQkjRo1SufOndOcOXNUUFCgiIgIbdq0qco7hgAAAABQH7g81EnS/fffr/vvv79Gfe+5555K23v16lXlPoMHD5ZhGDccOzExUYmJiTWqAwAAAADqA5e/UwcAAAAAqDtCHQAAAACYGKEOAAAAAEyMUAcAAAAAJkaoAwAAAAATI9QBAAAAgIkR6gAAAADAxAh1AAAAAGBihDoAAAAAMDFCHQAAAACYGKEOAAAAAEyMUAcAAAAAJkaoAwAAAAATI9QBAAAAgIkR6gAAAADAxAh1AAAAAGBihDoAAAAAMDFCHQAAAACYGKEOAAAAAEyMUAcAAAAAJkaoAwAAAAATI9QBAAAAgIkR6gAAAADAxAh1AAAAAGBihDoAAAAAMDFCHQAAAACYGKEOAAAAAEyMUAcAAAAAJkaoAwAAAAATI9QBAAAAgIkR6gAAAADAxAh1AAAAAGBihDoAAAAAMDFCHQAAAACYGKEOAAAAAEyMUAcAAAAAJkaoAwAAAAATI9QBAAAAgIkR6gAAAADAxAh1AAAAAGBihDoAAAAAMDFCHQAAAACYGKEOAAAAAEyMUAcAAAAAJkaoAwAAAAATI9QBAAAAgIkR6gAAADcPYOAAABgRSURBVADAxAh1AAAAAGBihDoAAAAAMDFCHQAAAACYGKHOiR588EE1b95cjzzyiKtLAQAAANBIEOqcaOrUqVq9erWrywAAAADQiBDqnCgmJkZ+fn6uLgMAAABAI+LyUJeamiqLxeKwBAYGOvUY27dv17Bhw2S1WmWxWLRx48ZK+y1evFhhYWHy8fGRzWbTjh07nFoHAAAAADiby0OdJPXo0UMFBQX25cCBA1X23blzp65du1ah/fDhwyosLKx0n5KSEkVGRmrhwoVVjpuenq5p06Zp5syZysnJUXR0tOLj45Wfn2/vY7PZFBERUWE5ffp0Lc4WAAAAAJzHw9UFSJKHh0eN7s6Vl5crKSlJnTt31tq1a+Xu7i5JysvLU0xMjJKTkzVjxowK+8XHxys+Pr7asefPn68JEyZo4sSJkqQFCxYoIyNDS5YsUVpamiQpOzu7tqdWLcMwJElFRUVOHRcAUDPlVy+77Ng3+u/++lwbao/5BOqv+nJ9Xv/z9YxQK4aLzZ4922jSpIkRFBRktG/f3hg1apRx/PjxKvufOnXK6NixozFmzBijrKzMOHbsmBEcHGxMmjSpRseTZGzYsMGh7erVq4a7u7uxfv16h/apU6caAwcOrNX5bNmyxXj44Yer7bNw4UIjPDzc6NChgyGJhYWFhYWFhYWFhYXFkGR07NjRCA8PNxYuXFjjDOLyO3X9+/fX6tWr1aVLF33zzTd6+eWXNWDAAB08eFAtW7as0N9qtSorK0sDBw7UmDFjtHv3bg0ZMkRLly6tcw1nz55VWVmZAgICHNoDAgKqfKSzMkOHDtX+/ftVUlKitm3basOGDerbt2+FfklJSUpKStKFCxfUvHlz5efnq2nTpnWuH/VHUVGR2rVrp5MnT8rf39/V5eAmMZ8ND3Pa8DCnDQvz2fAwpzVnGIYuXbokq9UqN7favSXn8lD3/ccie/bsqaioKHXs2FGrVq1SSkpKpfuEhIRo9erVGjRokDp06KC3335bFovlpmv54RiGYdRq3IyMjFod7/pkNW3alL/kDYy/vz9z2oAwnw0Pc9rwMKcNC/PZ8DCnNVPXGz314kMp33fbbbepZ8+eOnr0aJV9vvnmG02aNEnDhg3T5cuXlZycfFPHbNWqldzd3SvclTtz5kyFu3cAAAAAUJ/Uu1B39epVffnllwoKCqp0+9mzZzVkyBCFh4dr/fr1ysrK0rp16zR9+vQ6H9PLy0s2m02ZmZkO7ZmZmRowYECdxwUAAACAW809NTU11ZUFTJ8+Xd7e3jIMQ3l5eZoyZYry8vK0bNkyNWvWzKFveXm5Bg0apODgYL3//vvy9PRU69atde+99yo5OVmenp6KioqqcIzi4mIdOnRIhYWFWrZsmfr37y9fX1+Vlpbab3H6+/tr1qxZCg4Olo+Pj1599VVt2bJFK1asqFCHM7m7u2vw4MHy8HD5k7BwEua0YWE+Gx7mtOFhThsW5rPhYU5vPYth1OWbmc4zevRobd++XWfPnlXr1q3105/+VC+99JK6d+9eaf/MzExFR0fLx8fHoT03N1ctW7ZUu3btKuyzdetWxcTEVGhPSEjQypUr7euLFy/WvHnzVFBQoIiICL3xxhsaOHDgzZ0gAAAAANxCLg91AAAAAIC6q3fv1AEAAAAAao5QBwAAAAAmRqgDAAAAABMj1LnQ4sWLFRYWJh8fH9lsNu3YscPVJaEGUlNTZbFYHJbAwED7dsMwlJqaKqvVKl9fXw0ePFgHDx50YcX4oe3bt2vYsGGyWq2yWCzauHGjw/aazOHVq1f19NNPq1WrVrrttts0fPhwff311z/maeD/3Gg+n3zyyQrX7E9/+lOHPsxn/ZGWlqa+ffvKz89Pbdq00QMPPKAjR4449OEaNZeazCnXqXksWbJEP/nJT+y/TDwqKkp/+9vf7Nu5Pl2DUOci6enpmjZtmmbOnKmcnBxFR0crPj5e+fn5ri4NNdCjRw8VFBTYlwMHDti3zZs3T/Pnz9fChQu1d+9eBQYG6p577tGlS5dcWDG+r6SkRJGRkVq4cGGl22syh9OmTdOGDRu0du1affbZZyouLtb999+vsrKyH+s08H9uNJ+SdO+99zpcs5s2bXLYznzWH9u2bVNSUpI+//xzZWZm6rvvvlNcXJxKSkrsfbhGzaUmcypxnZpF27ZtNXfuXO3bt0/79u1TbGysRowYYQ9uXJ8uYsAl+vXrZ0yePNmhrVu3bsbzzz/voopQU7NnzzYiIyMr3VZeXm4EBgYac+fOtbd9++23RtOmTY2lS5f+WCWiFiQZGzZssK/XZA4vXLhgeHp6GmvXrrX3OXXqlOHm5mZ88sknP17xqOCH82kYhpGQkGCMGDGiyn2Yz/rtzJkzhiRj27ZthmFwjTYEP5xTw+A6NbvmzZsbf/jDH7g+XYg7dS5QWlqq7OxsxcXFObTHxcVp165dLqoKtXH06FFZrVaFhYVp9OjR+uqrryRJJ06cUGFhocPcent7a9CgQcytSdRkDrOzs3Xt2jWHPlarVREREcxzPbV161a1adNGXbp00c9//nOdOXPGvo35rN8uXrwoSWrRooUkrtGG4Idzeh3XqfmUlZVp7dq1KikpUVRUFNenCxHqXODs2bMqKytTQECAQ3tAQIAKCwtdVBVqqn///lq9erUyMjL01ltvqbCwUAMGDNC5c+fs88fcmldN5rCwsFBeXl5q3rx5lX1Qf8THx+vdd99VVlaWXn/9de3du1exsbG6evWqJOazPjMMQykpKbrrrrsUEREhiWvU7CqbU4nr1GwOHDig22+/Xd7e3po8ebI2bNig7t27c326kIerC2jMLBaLw7phGBXaUP/Ex8fb/9yzZ09FRUWpY8eOWrVqlf2lbubW/Ooyh8xz/TRq1Cj7nyMiItSnTx+Fhobq448/1kMPPVTlfsyn602ZMkX/+te/9Nlnn1XYxjVqTlXNKdepuXTt2lW5ubm6cOGCPvjgAyUkJGjbtm327VyfPz7u1LlAq1at5O7uXuFfI86cOVPhXzZQ/912223q2bOnjh49av8KJnNrXjWZw8DAQJWWlur8+fNV9kH9FRQUpNDQUB09elQS81lfPf300/rwww+1ZcsWtW3b1t7ONWpeVc1pZbhO6zcvLy916tRJffr0UVpamiIjI/W73/2O69OFCHUu4OXlJZvNpszMTIf2zMxMDRgwwEVVoa6uXr2qL7/8UkFBQQoLC1NgYKDD3JaWlmrbtm3MrUnUZA5tNps8PT0d+hQUFOiLL75gnk3g3LlzOnnypIKCgiQxn/WNYRiaMmWK1q9fr6ysLIWFhTls5xo1nxvNaWW4Ts3FMAxdvXqV69OF3FNTU1NdXURj5O/vr1mzZik4OFg+Pj569dVXtWXLFq1YsULNmjVzdXmoxvTp0+Xt7S3DMJSXl6cpU6YoLy9Py5YtU7NmzVRWVqa0tDR17dpVZWVl+uUvf6lTp05p+fLl8vb2dnX5kFRcXKxDhw6psLBQy5YtU//+/eXr66vS0tIazaGPj49Onz6thQsXKjIyUhcvXtTkyZPl5+en1157TW5u/HvZj6m6+XR3d9evfvUr+fn5qaysTLm5uZo4caKuXbumhQsXMp/1UFJSkt599129//77slqtKi4uVnFxsdzd3eXp6SmLxcI1ajI3mtPi4mKuUxP51a9+JS8vLxmGoZMnT+rNN9/UO++8o3nz5qljx45cn67yo39vE3aLFi0yQkNDDS8vL+OOO+5w+LQv6q9Ro0YZQUFBhqenp2G1Wo2HHnrIOHjwoH17eXm5MXv2bCMwMNDw9vY2Bg4caBw4cMCFFeOHtmzZYkiqsCQkJBiGUbM5vHLlijFlyhSjRYsWhq+vr3H//fcb+fn5LjgbVDefly9fNuLi4ozWrVsbnp6eRkhIiJGQkFBhrpjP+qOyuZRkrFixwt6Ha9RcbjSnXKfmMn78ePv/f23durUxZMgQ49NPP7Vv5/p0DYthGMaPGSIBAAAAAM7D/U0AAAAAMDFCHQAAAACYGKEOAAAAAEyMUAcAAAAAJkaoAwAAAAATI9QBAAAAgIkR6gAAAADAxAh1AIAfVfv27bVgwYJbNv7KlSvVrFmzWzb+dampqerVq1e1fZ588kk98MADTjums8ezWCzauHGj08arzJEjRxQYGKhLly5JuvH8bN26VRaLRRcuXKiyz0cffaTevXurvLzc6fUCgBkR6gAADcqoUaOUl5fn6jJMoaCgQPHx8bf0GDNnzlRSUpL8/PycNub9998vi8WiP/3pT04bEwDMjFAHAGhQfH191aZNG1eXYQqBgYHy9va+ZeN//fXX+vDDD/XUU085feynnnpKv//9750+LgCYEaEOAOA0gwcP1pQpUzRlyhQ1a9ZMLVu21K9//WsZhuHQ7/Llyxo/frz8/PwUEhKi5cuXO2x/7rnn1KVLFzVp0kQdOnTQrFmzdO3aNfv2f/7zn4qJiZGfn5/8/f1ls9m0b98+SRUf77v+mOSaNWvUvn17NW3aVKNHj7Y/DihJly5d0uOPP67bbrtNQUFBeuONNzR48GBNmzbthue8bNkytWvXTk2aNNGjjz5a7WODV69e1dSpU9WmTRv5+Pjorrvu0t69ex36HDx4UD/72c/k7+8vPz8/RUdH6/jx45WOl52drTZt2uiVV16pdHtpaammTJmioKAg+fj4qH379kpLS7Nv//7jl6mpqbJYLBWWlStXSpIMw9C8efPUoUMH+fr6KjIyUu+//361P5t169YpMjJSbdu2rbLPuXPn1K9fPw0fPlzffvutvX3nzp2KjIyUj4+P+vfvrwMHDjjsN3z4cO3Zs0dfffVVtTUAQGNAqAMAONWqVavk4eGhf/zjH3rzzTf1xhtv6A9/+INDn9dff119+vRRTk6OEhMT9Ytf/EKHDx+2b/fz89PKlSt16NAh/e53v9Nbb72lN954w7798ccfV9u2bbV3715lZ2fr+eefl6enZ5U1HT9+XBs3btRHH32kjz76SNu2bdPcuXPt21NSUrRz5059+OGHyszM1I4dO7R///4bnuuxY8e0bt06/fWvf9Unn3yi3NxcJSUlVdl/xowZ+uCDD7Rq1Srt379fnTp10tChQ/Xf//5XknTq1CkNHDhQPj4+ysrKUnZ2tsaPH6/vvvuuwlhbt27VkCFD9OKLL2rmzJmVHu/NN9/Uhx9+qHXr1unIkSN655131L59+0r7Tp8+XQUFBfblt7/9rZo0aaI+ffpIkn79619rxYoVWrJkiQ4ePKjk5GQ98cQT2rZtW5Xnu337dvv+lfn6668VHR2tbt26af369fLx8bFve/bZZ/Xb3/5We/fuVZs2bTR8+HCHYB8aGqo2bdpox44dVY4PAI2GAQCAkwwaNMgIDw83ysvL7W3PPfecER4ebl8PDQ01nnjiCft6eXm50aZNG2PJkiVVjjtv3jzDZrPZ1/38/IyVK1dW2nfFihVG06ZN7euzZ882mjRpYhQVFdnbnn32WaN///6GYRhGUVGR4enpafz5z3+2b79w4YLRpEkT45lnnqmyptmzZxvu7u7GyZMn7W1/+9vfDDc3N6OgoMAwDMNISEgwRowYYRiGYRQXFxuenp7Gu+++a+9fWlpqWK1WY968eYZhGMYLL7xghIWFGaWlpZUe8/p4GzduNPz8/Iw//elPVdZnGIbx9NNPG7GxsQ7z8X2SjA0bNlRo3717t+Hj42Okp6fba/fx8TF27drl0G/ChAnGY489VuXxIyMjjTlz5ji0XZ+fI0eOGCEhIcbTTz/tUN+WLVsMScbatWvtbefOnTN8fX3t9VzXu3dvIzU1tcrjA0BjwZ06AIBT/fSnP5XFYrGvR0VF6ejRoyorK7O3/eQnP7H/2WKxKDAwUGfOnLG3vf/++7rrrrsUGBio22+/XbNmzVJ+fr59e0pKiiZOnKi7775bc+fOrfLxxOvat2/v8KGOoKAg+/G++uorXbt2Tf369bNvb9q0qbp27XrDcw0JCXF4tDAqKkrl5eU6cuRIhb7Hjx/XtWvXdOedd9rbPD091a9fP3355ZeSpNzcXEVHR1d71/Ef//iHHn74Ya1atUqPPfZYtfU9+eSTys3NVdeuXTV16lR9+umnNzyn/Px8PfDAA5o+fbpGjhwpSTp06JC+/fZb3XPPPbr99tvty+rVq6v92V+5csXh7tv32++66y498MADevPNNx3+vlwXFRVl/3OLFi3UtWtX+8/pOl9fX12+fPmG5wQADR2hDgDwo/thaLFYLPbP03/++ecaPXq04uPj9dFHHyknJ0czZ85UaWmpvX9qaqr93bOsrCx1795dGzZsqNPxjP973++HwcL4wXuANXF9jMpCSnXHud7m6+t7w2N07NhR3bp10x//+EeHn0ll7rjjDp04cUIvvfSSrly5opEjR+qRRx6psn9JSYmGDx+uqKgozZkzx95+/Wf18ccfKzc3174cOnSo2vfqWrVqpfPnz1do9/b21t13362PP/5YX3/99Y1O2e6HP7v//ve/at26dY33B4CGilAHAHCqzz//vMJ6586d5e7uXqP9d+7cqdDQUM2cOVN9+vRR586d9e9//7tCvy5duig5OVmffvqpHnroIa1YsaJO9Xbs2FGenp7as2ePva2oqEhHjx694b75+fk6ffq0fX337t1yc3NTly5dKvTt1KmTvLy89Nlnn9nbrl27pn379ik8PFzS/7uDuWPHDod3x36oVatWysrK0vHjxzVq1Khq+0qSv7+/Ro0apbfeekvp6en64IMP7O/wfZ9hGHriiSdUXl6uNWvWOASo7t27y9vbW/n5+erUqZPD0q5duyqP3bt3bx06dKhCu5ubm9asWSObzabY2FiHn+F13/97dP78eeXl5albt272tm+//VbHjx9X7969qz1/AGgMCHUAAKc6efKkUlJSdOTIEb333nv6/e9/r2eeeabG+3fq1En5+flau3atjh8/rjfffNPhLtyVK1c0ZcoUbd26Vf/+97+1c+dO7d271x6MasvPz08JCQl69tlntWXLFh08eFDjx4+Xm5tbpXfcvs/Hx0cJCQn65z//qR07dmjq1KkaOXKkAgMDK/S97bbb9Itf/ELPPvusPvnkEx06dEg///nPdfnyZU2YMEGSNGXKFBUVFWn06NHat2+fjh49qjVr1lR4nLNNmzbKysrS4cOH9dhjj1X6IRVJeuONN7R27VodPnxYeXl5+vOf/6zAwMBKf/l3amqqNm/erGXLlqm4uFiFhYUqLCzUlStX5Ofnp+nTpys5OVmrVq3S8ePHlZOTo0WLFmnVqlVV/nyGDh2q3bt3Ozx6e527u7veffddRUZGKjY2VoWFhQ7b58yZo7///e/64osv9OSTT6pVq1YOv3j9888/l7e3t8NjmgDQWBHqAABONW7cOF25ckX9+vVTUlKSnn76aU2aNKnG+48YMULJycmaMmWKevXqpV27dmnWrFn27e7u7jp37pzGjRunLl26aOTIkYqPj9eLL75Y55rnz5+vqKgo3X///br77rt15513Kjw8vNL3wb6vU6dOeuihh3TfffcpLi5OERERWrx4cZX9586dq4cfflhjx47VHXfcoWPHjikjI0PNmzeXJLVs2VJZWVkqLi7WoEGDZLPZ9NZbb1X6jl1gYKCysrJ04MABPf7445UGp9tvv12vvfaa+vTpo759++p///d/tWnTJrm5Vfyf/23btqm4uFgDBgxQUFCQfUlPT5ckvfTSS/rNb36jtLQ0hYeHa+jQofrrX/+qsLCwKs/3vvvuk6enpzZv3lzpdg8PD7333nvq0aOHYmNjHd6rnDt3rp555hnZbDYVFBToww8/lJeXl337e++9p8cff1xNmjSp8vgA0FhYjLq8NAAAQCUGDx6sXr16acGCBa4u5aaUlJQoODhYr7/+uv0uGupm8eLF+stf/qKMjAynjfmf//xH3bp10759+6oNlQDQWHi4ugAAAFwtJydHhw8fVr9+/XTx4kX7R0JGjBjh4srMb9KkSTp//rwuXbrk8AXSm3HixAktXryYQAcA/4dQBwCApN/+9rc6cuSIvLy8ZLPZtGPHDrVq1crVZZmeh4dHlb8cva769evn8CsoAKCx4/FLAAAAADAxPpQCAAAAACZGqAMAAAAAEyPUAQAAAICJEeoAAAAAwMQIdQAAAABgYoQ6AAAAADAxQh0AAAAAmBihDgAAAABMjFAHAAAAACb2/wGhBEY9ps1QQAAAAABJRU5ErkJggg==</binary>
    </attachment>
  </runQuality>
  <cvList>
    <cv uri="https://raw.githubusercontent.com/imgag/ngs-bits/master/src/cppNGS/Resources/qcML.obo" ID="QC" fullName="QC" version="0.1"/>
  </cvList>
  <xsl:stylesheet id="stylesheet" version="1.0" xmlns:xsl="http://www.w3.org/1999/XSL/Transform" xmlns:ns="http://www.prime-xs.eu/ms/qcml" xmlns="">
      <xsl:template match="/">
          <html>
            <style type="text/css">
            table {border: 1px solid #bbb; border-collapse: collapse; }
            td {border: 1px solid #bbb; padding: 1px 2px 1px 2px; vertical-align: top; }
            th {border: 1px solid #bbb; padding: 1px 2px 1px 2px; text-align: left; background-color: #eee; }
            </style>
              <body>
                  <h2>Meta data:</h2>
                  <table>
                    <tr>
                      <th>Accession</th><th>Name</th><th>Value</th>
                    </tr>
                    <xsl:for-each select="ns:qcML/ns:runQuality">
                      <xsl:for-each select="ns:metaDataParameter">
                        <tr>
                          <td><xsl:value-of select="@accession"/></td>
                          <td><span title="{@description}"><xsl:value-of select="@name"/></span></td>
                          <td>
                            <xsl:choose>
                              <xsl:when test="@accession = 'QC:1000006'"><a href="{@uri}" title="{@uri}" target="blank"><xsl:value-of select="@value"/></a></xsl:when>
                              <xsl:otherwise><xsl:value-of select="@value"/></xsl:otherwise>
                            </xsl:choose>
                          </td>
                        </tr>
                      </xsl:for-each>
                    </xsl:for-each>
                  </table>
                  <h2>Quality parameters:</h2>
                  <table>
                    <tr>
                      <th>Accession</th><th>Name</th><th>Value</th>
                    </tr>
                    <xsl:for-each select="ns:qcML/ns:runQuality">
                      <xsl:for-each select="ns:qualityParameter">
                        <tr>
                          <td><xsl:value-of select="@accession"/></td>
                          <td><span title="{@description}"><xsl:value-of select="@name"/></span></td>
                          <td><xsl:value-of select="@value"/></td>
                        </tr>
                      </xsl:for-each>
                    </xsl:for-each>
                    <xsl:for-each select="ns:qcML/ns:runQuality">
                      <xsl:for-each select="ns:attachment">
                          <xsl:choose>
                              <xsl:when test="ns:binary">
                                <tr>
                                  <td><xsl:value-of select="@accession"/></td>
                                  <td><span title="{@description}"><xsl:value-of select="@name"/></span></td>
                                  <td>
                                    <img>
                                      <xsl:attribute name="src">
                                        data:image/png;base64,<xsl:value-of select="ns:binary"/>
                                      </xsl:attribute>
                                    </img>
                                  </td>
                                </tr>
                              </xsl:when>
                          </xsl:choose>
                      </xsl:for-each>
                    </xsl:for-each>
                  </table>
              </body>
          </html>
      </xsl:template>
  </xsl:stylesheet>
</qcML>
